#2026 06 19 10:10:34.445#Z#DEBUG#fa252145-6bc6-11f1-9c60-eeee0a944cb1.primepath-srv#flowable-async-job-executor-thread-320#
[PollStartAppStatusExecution] a7638aaf-09b6-417f-aa97-16c9c4dde755 [2026-06-19T10:10:00.177571] Updated app with guid a7638aaf-09b6-417f-aa97-16c9c4dde755 ({"lifecycle"=>{"data"=>{"buildpacks"=>["nodejs_buildpack"]}, "type"=>"buildpack"}}) (STDOUT, API)#
#2026 06 19 10:10:34.445#Z#DEBUG#fa252145-6bc6-11f1-9c60-eeee0a944cb1.primepath-srv#flowable-async-job-executor-thread-320#
[PollStartAppStatusExecution] a7638aaf-09b6-417f-aa97-16c9c4dde755 [2026-06-19T10:10:00.288577] Updating process: "web" (STDOUT, API)#
#2026 06 19 10:10:34.445#Z#DEBUG#fa252145-6bc6-11f1-9c60-eeee0a944cb1.primepath-srv#flowable-async-job-executor-thread-320#
[PollStartAppStatusExecution] a7638aaf-09b6-417f-aa97-16c9c4dde755 [2026-06-19T10:10:26.154193] Stopping app with guid a7638aaf-09b6-417f-aa97-16c9c4dde755 (STDOUT, API)#
#2026 06 19 10:10:34.445#Z#DEBUG#fa252145-6bc6-11f1-9c60-eeee0a944cb1.primepath-srv#flowable-async-job-executor-thread-320#
[PollStartAppStatusExecution] a7638aaf-09b6-417f-aa97-16c9c4dde755 [2026-06-19T10:10:26.188435] Cell d1cc041a-d5a1-41d6-b9f6-6cda736ce3f0 stopping instance 02339e85-9c18-4500-7d21-baa8 (STDOUT, CELL)#
#2026 06 19 10:10:34.445#Z#DEBUG#fa252145-6bc6-11f1-9c60-eeee0a944cb1.primepath-srv#flowable-async-job-executor-thread-320#
[PollStartAppStatusExecution] a7638aaf-09b6-417f-aa97-16c9c4dde755 [2026-06-19T10:10:26.511727] Starting app with guid a7638aaf-09b6-417f-aa97-16c9c4dde755 (STDOUT, API)#
#2026 06 19 10:10:34.445#Z#DEBUG#fa252145-6bc6-11f1-9c60-eeee0a944cb1.primepath-srv#flowable-async-job-executor-thread-320#
[PollStartAppStatusExecution] a7638aaf-09b6-417f-aa97-16c9c4dde755 [2026-06-19T10:10:26.814240] Cell 684caff8-89cd-492b-be01-b3d0835f1763 creating container for instance 4b500d41-8d31-4d93-671a-d0bf (STDOUT, CELL)#
#2026 06 19 10:10:34.445#Z#DEBUG#fa252145-6bc6-11f1-9c60-eeee0a944cb1.primepath-srv#flowable-async-job-executor-thread-320#
[PollStartAppStatusExecution] a7638aaf-09b6-417f-aa97-16c9c4dde755 [2026-06-19T10:10:27.736520] Security group rules were updated (STDOUT, CELL)#
#2026 06 19 10:10:34.445#Z#DEBUG#fa252145-6bc6-11f1-9c60-eeee0a944cb1.primepath-srv#flowable-async-job-executor-thread-320#
[PollStartAppStatusExecution] a7638aaf-09b6-417f-aa97-16c9c4dde755 [2026-06-19T10:10:27.833283] Cell 684caff8-89cd-492b-be01-b3d0835f1763 successfully created container for instance 4b500d41-8d31-4d93-671a-d0bf (STDOUT, CELL)#
#2026 06 19 10:10:34.445#Z#DEBUG#fa252145-6bc6-11f1-9c60-eeee0a944cb1.primepath-srv#flowable-async-job-executor-thread-320#
[PollStartAppStatusExecution] a7638aaf-09b6-417f-aa97-16c9c4dde755 [2026-06-19T10:10:28.847851] Downloading droplet... (STDOUT, CELL)#
#2026 06 19 10:10:44.925#Z#DEBUG#fa252145-6bc6-11f1-9c60-eeee0a944cb1.primepath-srv#flowable-async-job-executor-thread-323#
[PollStartAppStatusExecution] a7638aaf-09b6-417f-aa97-16c9c4dde755 [2026-06-19T10:10:37.081667] Downloaded droplet (61.6M) (STDOUT, CELL)#
#2026 06 19 10:10:44.925#Z#DEBUG#fa252145-6bc6-11f1-9c60-eeee0a944cb1.primepath-srv#flowable-async-job-executor-thread-323#
[PollStartAppStatusExecution] a7638aaf-09b6-417f-aa97-16c9c4dde755 [2026-06-19T10:10:37.082055] Starting health monitoring of container (STDOUT, CELL)#
#2026 06 19 10:10:44.925#Z#DEBUG#fa252145-6bc6-11f1-9c60-eeee0a944cb1.primepath-srv#flowable-async-job-executor-thread-323#
[PollStartAppStatusExecution] a7638aaf-09b6-417f-aa97-16c9c4dde755 [2026-06-19T10:10:37.268257] Invoking pre-start scripts. (STDOUT, APP/PROC/WEB)#
#2026 06 19 10:10:44.925#Z#DEBUG#fa252145-6bc6-11f1-9c60-eeee0a944cb1.primepath-srv#flowable-async-job-executor-thread-323#
[PollStartAppStatusExecution] a7638aaf-09b6-417f-aa97-16c9c4dde755 [2026-06-19T10:10:37.517308] Invoking start command. (STDOUT, APP/PROC/WEB)#
#2026 06 19 10:10:44.925#Z#DEBUG#fa252145-6bc6-11f1-9c60-eeee0a944cb1.primepath-srv#flowable-async-job-executor-thread-323#
[PollStartAppStatusExecution] a7638aaf-09b6-417f-aa97-16c9c4dde755 [2026-06-19T10:10:38.069605] > primepath-travel-dashboard@1.0.0 start (STDOUT, APP/PROC/WEB)#
#2026 06 19 10:10:44.925#Z#DEBUG#fa252145-6bc6-11f1-9c60-eeee0a944cb1.primepath-srv#flowable-async-job-executor-thread-323#
[PollStartAppStatusExecution] a7638aaf-09b6-417f-aa97-16c9c4dde755 [2026-06-19T10:10:38.069649] > cds-serve (STDOUT, APP/PROC/WEB)#
#2026 06 19 10:10:44.925#Z#DEBUG#fa252145-6bc6-11f1-9c60-eeee0a944cb1.primepath-srv#flowable-async-job-executor-thread-323#
[PollStartAppStatusExecution] a7638aaf-09b6-417f-aa97-16c9c4dde755 [2026-06-19T10:10:38.482443] {"level":"info","logger":"cds","timestamp":"2026-06-19T10:10:38.480Z","layer":"cds","component_type":"application","container_id":"10.32.1.6","component_id":"a7638aaf-09b6-417f-aa97-16c9c4dde755","component_name":"primepath-srv","component_instance":0,"source_instance":0,"organization_name":"cc04186dtrial","organization_id":"dfe57157-b13a-41ad-9ad5-c1f3b3a8355a","space_name":"dev","space_id":"ba9bcafa-b107-42ac-8bb7-2f459d18c4c3","msg":"loaded model from 1 file(s):\n ","type":"log"} (STDOUT, APP/PROC/WEB)#
#2026 06 19 10:10:44.925#Z#DEBUG#fa252145-6bc6-11f1-9c60-eeee0a944cb1.primepath-srv#flowable-async-job-executor-thread-323#
[PollStartAppStatusExecution] a7638aaf-09b6-417f-aa97-16c9c4dde755 [2026-06-19T10:10:38.482949] srv/csn.json (STDOUT, APP/PROC/WEB)#
#2026 06 19 10:10:44.925#Z#DEBUG#fa252145-6bc6-11f1-9c60-eeee0a944cb1.primepath-srv#flowable-async-job-executor-thread-323#
[PollStartAppStatusExecution] a7638aaf-09b6-417f-aa97-16c9c4dde755 [2026-06-19T10:10:38.836462] {"level":"info","logger":"cds","timestamp":"2026-06-19T10:10:38.835Z","layer":"cds","component_type":"application","container_id":"10.32.1.6","component_id":"a7638aaf-09b6-417f-aa97-16c9c4dde755","component_name":"primepath-srv","component_instance":0,"source_instance":0,"organization_name":"cc04186dtrial","organization_id":"dfe57157-b13a-41ad-9ad5-c1f3b3a8355a","space_name":"dev","space_id":"ba9bcafa-b107-42ac-8bb7-2f459d18c4c3","msg":"connect to db > hana {\n  database_id: 'ecd4b5a0-88b3-46d0-8f77-773d9a39408b',\n  host: 'ecd4b5a0-88b3-46d0-8f77-773d9a39408b.hna1.prod-us10.hanacloud.ondemand.com',\n  port: '443',\n  driver: 'com.sap.db.jdbc.Driver',\n  url: 'jdbc:sap://ecd4b5a0-88b3-46d0-8f77-773d9a39408b.hna1.prod-us10.hanacloud.ondemand.com:443?encrypt=true&validateCertificate=true&currentschema=09A7375F229F49B788B42B3C726266FE',\n  schema: '09A7375F229F49B788B42B3C726266FE',\n  certificate: '...',\n  hdi_user: '09A7375F229F49B788B42B3C726266FE_CO22C6VUAAMMGXFZKZYZGXLSL_DT',\n  hdi_password: '...',\n  user: '09A7375F229F49B788B42B3C726266FE_CO22C6VUAAMMGXFZKZYZGXLSL_RT',\n  password: '...'\n}","type":"log"} (STDOUT, APP/PROC/WEB)#
#2026 06 19 10:10:44.925#Z#DEBUG#fa252145-6bc6-11f1-9c60-eeee0a944cb1.primepath-srv#flowable-async-job-executor-thread-323#
[PollStartAppStatusExecution] a7638aaf-09b6-417f-aa97-16c9c4dde755 [2026-06-19T10:10:39.117970] {"level":"info","logger":"cds","timestamp":"2026-06-19T10:10:39.117Z","layer":"cds","component_type":"application","container_id":"10.32.1.6","component_id":"a7638aaf-09b6-417f-aa97-16c9c4dde755","component_name":"primepath-srv","component_instance":0,"source_instance":0,"organization_name":"cc04186dtrial","organization_id":"dfe57157-b13a-41ad-9ad5-c1f3b3a8355a","space_name":"dev","space_id":"ba9bcafa-b107-42ac-8bb7-2f459d18c4c3","msg":"connect to TripPinService > odata { url: 'https://services.odata.org/TripPinRESTierService' }","type":"log"} (STDOUT, APP/PROC/WEB)#
#2026 06 19 10:10:44.925#Z#DEBUG#fa252145-6bc6-11f1-9c60-eeee0a944cb1.primepath-srv#flowable-async-job-executor-thread-323#
[PollStartAppStatusExecution] a7638aaf-09b6-417f-aa97-16c9c4dde755 [2026-06-19T10:10:39.142186] {"level":"info","logger":"cds","timestamp":"2026-06-19T10:10:39.141Z","layer":"cds","component_type":"application","container_id":"10.32.1.6","component_id":"a7638aaf-09b6-417f-aa97-16c9c4dde755","component_name":"primepath-srv","component_instance":0,"source_instance":0,"organization_name":"cc04186dtrial","organization_id":"dfe57157-b13a-41ad-9ad5-c1f3b3a8355a","space_name":"dev","space_id":"ba9bcafa-b107-42ac-8bb7-2f459d18c4c3","msg":"using auth strategy { kind: 'dummy' }","type":"log"} (STDOUT, APP/PROC/WEB)#
#2026 06 19 10:10:44.925#Z#DEBUG#fa252145-6bc6-11f1-9c60-eeee0a944cb1.primepath-srv#flowable-async-job-executor-thread-323#
[PollStartAppStatusExecution] a7638aaf-09b6-417f-aa97-16c9c4dde755 [2026-06-19T10:10:39.169345] {"level":"info","logger":"cds","timestamp":"2026-06-19T10:10:39.168Z","layer":"cds","component_type":"application","container_id":"10.32.1.6","component_id":"a7638aaf-09b6-417f-aa97-16c9c4dde755","component_name":"primepath-srv","component_instance":0,"source_instance":0,"organization_name":"cc04186dtrial","organization_id":"dfe57157-b13a-41ad-9ad5-c1f3b3a8355a","space_name":"dev","space_id":"ba9bcafa-b107-42ac-8bb7-2f459d18c4c3","msg":"serving TravelService {\n  at: [ '/travel' ],\n  decl: 'srv/csn.json:469',\n  impl: 'srv/travel-service.js'\n}","type":"log"} (STDOUT, APP/PROC/WEB)#
#2026 06 19 10:10:44.925#Z#DEBUG#fa252145-6bc6-11f1-9c60-eeee0a944cb1.primepath-srv#flowable-async-job-executor-thread-323#
[PollStartAppStatusExecution] a7638aaf-09b6-417f-aa97-16c9c4dde755 [2026-06-19T10:10:40.905133] {"level":"warn","logger":"travel","timestamp":"2026-06-19T10:10:40.904Z","layer":"cds","component_type":"application","container_id":"10.32.1.6","component_id":"a7638aaf-09b6-417f-aa97-16c9c4dde755","component_name":"primepath-srv","component_instance":0,"source_instance":0,"organization_name":"cc04186dtrial","organization_id":"dfe57157-b13a-41ad-9ad5-c1f3b3a8355a","space_name":"dev","space_id":"ba9bcafa-b107-42ac-8bb7-2f459d18c4c3","msg":"Replicatie mislukt: ResourceRequest timed out","type":"log"} (STDERR, APP/PROC/WEB)#
#2026 06 19 10:10:44.925#Z#DEBUG#fa252145-6bc6-11f1-9c60-eeee0a944cb1.primepath-srv#flowable-async-job-executor-thread-323#
[PollStartAppStatusExecution] a7638aaf-09b6-417f-aa97-16c9c4dde755 [2026-06-19T10:10:40.913876] {"level":"info","logger":"cds","timestamp":"2026-06-19T10:10:40.913Z","layer":"cds","component_type":"application","container_id":"10.32.1.6","component_id":"a7638aaf-09b6-417f-aa97-16c9c4dde755","component_name":"primepath-srv","component_instance":0,"source_instance":0,"organization_name":"cc04186dtrial","organization_id":"dfe57157-b13a-41ad-9ad5-c1f3b3a8355a","space_name":"dev","space_id":"ba9bcafa-b107-42ac-8bb7-2f459d18c4c3","msg":"server listening on { url: 'http://localhost:8080' }","type":"log"} (STDOUT, APP/PROC/WEB)#
#2026 06 19 10:10:44.925#Z#DEBUG#fa252145-6bc6-11f1-9c60-eeee0a944cb1.primepath-srv#flowable-async-job-executor-thread-323#
[PollStartAppStatusExecution] a7638aaf-09b6-417f-aa97-16c9c4dde755 [2026-06-19T10:10:40.914246] {"level":"info","logger":"cds","timestamp":"2026-06-19T10:10:40.914Z","layer":"cds","component_type":"application","container_id":"10.32.1.6","component_id":"a7638aaf-09b6-417f-aa97-16c9c4dde755","component_name":"primepath-srv","component_instance":0,"source_instance":0,"organization_name":"cc04186dtrial","organization_id":"dfe57157-b13a-41ad-9ad5-c1f3b3a8355a","space_name":"dev","space_id":"ba9bcafa-b107-42ac-8bb7-2f459d18c4c3","msg":"server v9.9.1 launched in 2832 ms","type":"log"} (STDOUT, APP/PROC/WEB)#
#2026 06 19 10:10:44.925#Z#DEBUG#fa252145-6bc6-11f1-9c60-eeee0a944cb1.primepath-srv#flowable-async-job-executor-thread-323#
[PollStartAppStatusExecution] a7638aaf-09b6-417f-aa97-16c9c4dde755 [2026-06-19T10:10:41.600733] Container became healthy (STDOUT, CELL)#
#2026 06 19 10:10:44.925#Z#DEBUG#fa252145-6bc6-11f1-9c60-eeee0a944cb1.primepath-srv#flowable-async-job-executor-thread-323#
[PollStartAppStatusExecution] a7638aaf-09b6-417f-aa97-16c9c4dde755 [2026-06-19T10:10:41.628681] Process became ready with guid a7638aaf-09b6-417f-aa97-16c9c4dde755 payload: {"instance"=>"4b500d41-8d31-4d93-671a-d0bf", "index"=>0, "cell_id"=>"684caff8-89cd-492b-be01-b3d0835f1763", "ready"=>true, "version"=>"cf48a215-0687-4abb-993d-553433a68c5b"} (STDOUT, API)#
