#2026 06 19 10:10:34.497#Z#DEBUG#fa252145-6bc6-11f1-9c60-eeee0a944cb1.primepath-approuter#flowable-async-job-executor-thread-348#
[PollStartAppStatusExecution] cdc46a25-9792-46f8-a78a-49c58be313e2 [2026-06-19T10:09:57.115587] Updated app with guid cdc46a25-9792-46f8-a78a-49c58be313e2 ({"lifecycle"=>{"data"=>{"buildpacks"=>[]}, "type"=>"buildpack"}}) (STDOUT, API)#
#2026 06 19 10:10:34.497#Z#DEBUG#fa252145-6bc6-11f1-9c60-eeee0a944cb1.primepath-approuter#flowable-async-job-executor-thread-348#
[PollStartAppStatusExecution] cdc46a25-9792-46f8-a78a-49c58be313e2 [2026-06-19T10:09:57.211515] Updating process: "web" (STDOUT, API)#
#2026 06 19 10:10:34.497#Z#DEBUG#fa252145-6bc6-11f1-9c60-eeee0a944cb1.primepath-approuter#flowable-async-job-executor-thread-348#
[PollStartAppStatusExecution] cdc46a25-9792-46f8-a78a-49c58be313e2 [2026-06-19T10:10:26.169192] Stopping app with guid cdc46a25-9792-46f8-a78a-49c58be313e2 (STDOUT, API)#
#2026 06 19 10:10:34.497#Z#DEBUG#fa252145-6bc6-11f1-9c60-eeee0a944cb1.primepath-approuter#flowable-async-job-executor-thread-348#
[PollStartAppStatusExecution] cdc46a25-9792-46f8-a78a-49c58be313e2 [2026-06-19T10:10:26.209864] Cell 77283d80-dfa7-40ba-ba4e-265aef112085 stopping instance 82d2bc1d-1faa-4bf6-75ed-7acc (STDOUT, CELL)#
#2026 06 19 10:10:34.497#Z#DEBUG#fa252145-6bc6-11f1-9c60-eeee0a944cb1.primepath-approuter#flowable-async-job-executor-thread-348#
[PollStartAppStatusExecution] cdc46a25-9792-46f8-a78a-49c58be313e2 [2026-06-19T10:10:26.564547] Starting app with guid cdc46a25-9792-46f8-a78a-49c58be313e2 (STDOUT, API)#
#2026 06 19 10:10:34.497#Z#DEBUG#fa252145-6bc6-11f1-9c60-eeee0a944cb1.primepath-approuter#flowable-async-job-executor-thread-348#
[PollStartAppStatusExecution] cdc46a25-9792-46f8-a78a-49c58be313e2 [2026-06-19T10:10:26.815498] Cell d1cc041a-d5a1-41d6-b9f6-6cda736ce3f0 creating container for instance 166fbe90-789e-43a8-537c-d3d2 (STDOUT, CELL)#
#2026 06 19 10:10:34.497#Z#DEBUG#fa252145-6bc6-11f1-9c60-eeee0a944cb1.primepath-approuter#flowable-async-job-executor-thread-348#
[PollStartAppStatusExecution] cdc46a25-9792-46f8-a78a-49c58be313e2 [2026-06-19T10:10:27.748361] Security group rules were updated (STDOUT, CELL)#
#2026 06 19 10:10:34.497#Z#DEBUG#fa252145-6bc6-11f1-9c60-eeee0a944cb1.primepath-approuter#flowable-async-job-executor-thread-348#
[PollStartAppStatusExecution] cdc46a25-9792-46f8-a78a-49c58be313e2 [2026-06-19T10:10:27.843473] Cell d1cc041a-d5a1-41d6-b9f6-6cda736ce3f0 successfully created container for instance 166fbe90-789e-43a8-537c-d3d2 (STDOUT, CELL)#
#2026 06 19 10:10:34.497#Z#DEBUG#fa252145-6bc6-11f1-9c60-eeee0a944cb1.primepath-approuter#flowable-async-job-executor-thread-348#
[PollStartAppStatusExecution] cdc46a25-9792-46f8-a78a-49c58be313e2 [2026-06-19T10:10:28.336255] Downloading droplet... (STDOUT, CELL)#
#2026 06 19 10:10:44.760#Z#DEBUG#fa252145-6bc6-11f1-9c60-eeee0a944cb1.primepath-approuter#flowable-async-job-executor-thread-322#
[PollStartAppStatusExecution] cdc46a25-9792-46f8-a78a-49c58be313e2 [2026-06-19T10:10:35.267713] Downloaded droplet (62.2M) (STDOUT, CELL)#
#2026 06 19 10:10:44.760#Z#DEBUG#fa252145-6bc6-11f1-9c60-eeee0a944cb1.primepath-approuter#flowable-async-job-executor-thread-322#
[PollStartAppStatusExecution] cdc46a25-9792-46f8-a78a-49c58be313e2 [2026-06-19T10:10:35.268272] Starting health monitoring of container (STDOUT, CELL)#
#2026 06 19 10:10:44.760#Z#DEBUG#fa252145-6bc6-11f1-9c60-eeee0a944cb1.primepath-approuter#flowable-async-job-executor-thread-322#
[PollStartAppStatusExecution] cdc46a25-9792-46f8-a78a-49c58be313e2 [2026-06-19T10:10:35.412327] Invoking pre-start scripts. (STDOUT, APP/PROC/WEB)#
#2026 06 19 10:10:44.760#Z#DEBUG#fa252145-6bc6-11f1-9c60-eeee0a944cb1.primepath-approuter#flowable-async-job-executor-thread-322#
[PollStartAppStatusExecution] cdc46a25-9792-46f8-a78a-49c58be313e2 [2026-06-19T10:10:35.667312] Invoking start command. (STDOUT, APP/PROC/WEB)#
#2026 06 19 10:10:44.760#Z#DEBUG#fa252145-6bc6-11f1-9c60-eeee0a944cb1.primepath-approuter#flowable-async-job-executor-thread-322#
[PollStartAppStatusExecution] cdc46a25-9792-46f8-a78a-49c58be313e2 [2026-06-19T10:10:36.139581] > start (STDOUT, APP/PROC/WEB)#
#2026 06 19 10:10:44.761#Z#DEBUG#fa252145-6bc6-11f1-9c60-eeee0a944cb1.primepath-approuter#flowable-async-job-executor-thread-322#
[PollStartAppStatusExecution] cdc46a25-9792-46f8-a78a-49c58be313e2 [2026-06-19T10:10:36.139619] > node node_modules/@sap/approuter/approuter.js (STDOUT, APP/PROC/WEB)#
#2026 06 19 10:10:44.761#Z#DEBUG#fa252145-6bc6-11f1-9c60-eeee0a944cb1.primepath-approuter#flowable-async-job-executor-thread-322#
[PollStartAppStatusExecution] cdc46a25-9792-46f8-a78a-49c58be313e2 [2026-06-19T10:10:36.338934] {"written_at":"2026-06-19T10:10:36.336Z","written_ts":1781863836336000000,"csn_component":"-","correlation_id":"-","type":"log","logger":"nodejs-logger","layer":"/LoggingLibrary","level":"warning","container_id":"10.32.1.5","component_type":"application","component_id":"cdc46a25-9792-46f8-a78a-49c58be313e2","component_name":"primepath-approuter","component_instance":-1,"source_instance":-1,"organization_id":"dfe57157-b13a-41ad-9ad5-c1f3b3a8355a","organization_name":"cc04186dtrial","space_id":"ba9bcafa-b107-42ac-8bb7-2f459d18c4c3","space_name":"dev","context_id":"","msg":"Dynamic log level switching not available"} (STDOUT, APP/PROC/WEB)#
#2026 06 19 10:10:44.761#Z#DEBUG#fa252145-6bc6-11f1-9c60-eeee0a944cb1.primepath-approuter#flowable-async-job-executor-thread-322#
[PollStartAppStatusExecution] cdc46a25-9792-46f8-a78a-49c58be313e2 [2026-06-19T10:10:37.021949] {"written_at":"2026-06-19T10:10:37.021Z","written_ts":1781863837021000000,"csn_component":"-","correlation_id":"mqkrpzz1","type":"log","logger":"nodejs-logger","layer":"/approuter","level":"info","container_id":"10.32.1.5","component_type":"application","component_id":"cdc46a25-9792-46f8-a78a-49c58be313e2","component_name":"primepath-approuter","component_instance":-1,"source_instance":-1,"organization_id":"dfe57157-b13a-41ad-9ad5-c1f3b3a8355a","organization_name":"cc04186dtrial","space_id":"ba9bcafa-b107-42ac-8bb7-2f459d18c4c3","space_name":"dev","context_id":"mqkrpzz1","msg":"Application router version 20.10.0"} (STDOUT, APP/PROC/WEB)#
#2026 06 19 10:10:44.761#Z#DEBUG#fa252145-6bc6-11f1-9c60-eeee0a944cb1.primepath-approuter#flowable-async-job-executor-thread-322#
[PollStartAppStatusExecution] cdc46a25-9792-46f8-a78a-49c58be313e2 [2026-06-19T10:10:37.022874] {"written_at":"2026-06-19T10:10:37.022Z","written_ts":1781863837022000000,"csn_component":"-","correlation_id":"mqkrpzz2","type":"log","logger":"nodejs-logger","layer":"/Configuration","level":"info","container_id":"10.32.1.5","component_type":"application","component_id":"cdc46a25-9792-46f8-a78a-49c58be313e2","component_name":"primepath-approuter","component_instance":-1,"source_instance":-1,"organization_id":"dfe57157-b13a-41ad-9ad5-c1f3b3a8355a","organization_name":"cc04186dtrial","space_id":"ba9bcafa-b107-42ac-8bb7-2f459d18c4c3","space_name":"dev","context_id":"mqkrpzz2","msg":"Using empty destinations to run"} (STDOUT, APP/PROC/WEB)#
#2026 06 19 10:10:44.761#Z#DEBUG#fa252145-6bc6-11f1-9c60-eeee0a944cb1.primepath-approuter#flowable-async-job-executor-thread-322#
[PollStartAppStatusExecution] cdc46a25-9792-46f8-a78a-49c58be313e2 [2026-06-19T10:10:37.023139] {"written_at":"2026-06-19T10:10:37.022Z","written_ts":1781863837022000000,"csn_component":"-","correlation_id":"mqkrpzz2","type":"log","logger":"nodejs-logger","layer":"/Configuration","level":"info","container_id":"10.32.1.5","component_type":"application","component_id":"cdc46a25-9792-46f8-a78a-49c58be313e2","component_name":"primepath-approuter","component_instance":-1,"source_instance":-1,"organization_id":"dfe57157-b13a-41ad-9ad5-c1f3b3a8355a","organization_name":"cc04186dtrial","space_id":"ba9bcafa-b107-42ac-8bb7-2f459d18c4c3","space_name":"dev","context_id":"mqkrpzz2","msg":"No COOKIES environment variable"} (STDOUT, APP/PROC/WEB)#
#2026 06 19 10:10:44.761#Z#DEBUG#fa252145-6bc6-11f1-9c60-eeee0a944cb1.primepath-approuter#flowable-async-job-executor-thread-322#
[PollStartAppStatusExecution] cdc46a25-9792-46f8-a78a-49c58be313e2 [2026-06-19T10:10:37.030705] {"written_at":"2026-06-19T10:10:37.030Z","written_ts":1781863837030000000,"csn_component":"-","correlation_id":"mqkrpzza","type":"log","logger":"nodejs-logger","layer":"/Configuration","level":"warning","container_id":"10.32.1.5","component_type":"application","component_id":"cdc46a25-9792-46f8-a78a-49c58be313e2","component_name":"primepath-approuter","component_instance":-1,"source_instance":-1,"organization_id":"dfe57157-b13a-41ad-9ad5-c1f3b3a8355a","organization_name":"cc04186dtrial","space_id":"ba9bcafa-b107-42ac-8bb7-2f459d18c4c3","space_name":"dev","context_id":"mqkrpzza","msg":"No authentication will be used when accessing backends. Scopes defined in routes will be ignored."} (STDOUT, APP/PROC/WEB)#
#2026 06 19 10:10:44.761#Z#DEBUG#fa252145-6bc6-11f1-9c60-eeee0a944cb1.primepath-approuter#flowable-async-job-executor-thread-322#
[PollStartAppStatusExecution] cdc46a25-9792-46f8-a78a-49c58be313e2 [2026-06-19T10:10:37.030836] {"written_at":"2026-06-19T10:10:37.030Z","written_ts":1781863837030000000,"csn_component":"-","correlation_id":"mqkrpzza","type":"log","logger":"nodejs-logger","layer":"/Configuration","level":"info","container_id":"10.32.1.5","component_type":"application","component_id":"cdc46a25-9792-46f8-a78a-49c58be313e2","component_name":"primepath-approuter","component_instance":-1,"source_instance":-1,"organization_id":"dfe57157-b13a-41ad-9ad5-c1f3b3a8355a","organization_name":"cc04186dtrial","space_id":"ba9bcafa-b107-42ac-8bb7-2f459d18c4c3","space_name":"dev","context_id":"mqkrpzza","msg":"Replacing $XSAPPNAME will not take place - 'xsappname' property not found in UAA configuration."} (STDOUT, APP/PROC/WEB)#
#2026 06 19 10:10:44.761#Z#DEBUG#fa252145-6bc6-11f1-9c60-eeee0a944cb1.primepath-approuter#flowable-async-job-executor-thread-322#
[PollStartAppStatusExecution] cdc46a25-9792-46f8-a78a-49c58be313e2 [2026-06-19T10:10:37.082879] {"written_at":"2026-06-19T10:10:37.082Z","written_ts":1781863837082000000,"csn_component":"-","correlation_id":"mqkrpzz1","type":"log","logger":"nodejs-logger","layer":"/approuter","level":"info","container_id":"10.32.1.5","component_type":"application","component_id":"cdc46a25-9792-46f8-a78a-49c58be313e2","component_name":"primepath-approuter","component_instance":-1,"source_instance":-1,"organization_id":"dfe57157-b13a-41ad-9ad5-c1f3b3a8355a","organization_name":"cc04186dtrial","space_id":"ba9bcafa-b107-42ac-8bb7-2f459d18c4c3","space_name":"dev","context_id":"mqkrpzz1","msg":"Application router is listening on port: 8080"} (STDOUT, APP/PROC/WEB)#
#2026 06 19 10:10:44.761#Z#DEBUG#fa252145-6bc6-11f1-9c60-eeee0a944cb1.primepath-approuter#flowable-async-job-executor-thread-322#
[PollStartAppStatusExecution] cdc46a25-9792-46f8-a78a-49c58be313e2 [2026-06-19T10:10:38.221665] Container became healthy (STDOUT, CELL)#
#2026 06 19 10:10:44.761#Z#DEBUG#fa252145-6bc6-11f1-9c60-eeee0a944cb1.primepath-approuter#flowable-async-job-executor-thread-322#
[PollStartAppStatusExecution] cdc46a25-9792-46f8-a78a-49c58be313e2 [2026-06-19T10:10:38.256190] Process became ready with guid cdc46a25-9792-46f8-a78a-49c58be313e2 payload: {"instance"=>"166fbe90-789e-43a8-537c-d3d2", "index"=>0, "cell_id"=>"d1cc041a-d5a1-41d6-b9f6-6cda736ce3f0", "ready"=>true, "version"=>"e91d6e4a-f2b4-42b3-81e9-721fed4ab45f"} (STDOUT, API)#
